clientID=client_id
clientSecret=
issuerURL=https://issuer.url.com
forceProviderAuthentication=true
allowedUsers=map[]
allUsersAllowed=false
ownerAllowed=true
firstUserBecomesOwner=true
owner=
homeBaseDir=/home
allowedSSHSuffixes=[]
extraGroups=[]
ownerExtraGroups=[]