clientID=client_id
clientSecret=
issuerURL=https://issuer.url.com
forceProviderAuthentication=false
allowedUsers=map[]
allUsersAllowed=false
ownerAllowed=true
firstUserBecomesOwner=true
owner=
homeBaseDir=
allowedSSHSuffixes=[]