clientID=lower_precedence_client_id
clientSecret=
issuerURL=https://higher-precedence-issuer.url.com
forceProviderAuthentication=true
allowedUsers=map[]
allUsersAllowed=false
ownerAllowed=true
firstUserBecomesOwner=true
owner=
homeBaseDir=/home
allowedSSHSuffixes=[]
extraGroups=[]
ownerExtraGroups=[]